download/timetable-system/src/app/api/generate/route.ts(508,9): error TS2345: Argument of type 'Prisma__TeacherClient<{ id: string; name: string; createdAt: Date; updatedAt: Date; abbreviation: string; department: string; isHOD: boolean; targetWorkload: number; currentWorkload: number; isActive: boolean; teachableGrades: string; }, never, DefaultArgs, PrismaClientOptions>' is not assignable to parameter of type 'never'.
download/timetable-system/src/app/api/workload/route.ts(169,24): error TS2345: Argument of type '{ id: string; targetWorkload: number; teacherId: string; actualWorkload: number; difference: number; status: string; warnings: string | null; validatedAt: Date; }' is not assignable to parameter of type 'never'.
download/timetable-system/src/app/api/workload/route.ts(176,39): error TS2339: Property 'status' does not exist on type 'never'.
download/timetable-system/src/app/api/workload/route.ts(177,42): error TS2339: Property 'status' does not exist on type 'never'.
download/timetable-system/src/app/api/workload/route.ts(178,41): error TS2339: Property 'status' does not exist on type 'never'.
src/app/api/generate/route.ts(384,98): error TS18047: 'bestSlot' is possibly 'null'.
src/app/api/generate/route.ts(482,47): error TS2352: Conversion of type '{ id: string; createdAt: Date; updatedAt: Date; periodNumber: number; startTime: string; endTime: string; duration: number; slotType: string; }[]' to type '[SlimSlot, SlimSlot]' may be a mistake because neither type sufficiently overlaps with the other. If this was intentional, convert the expression to 'unknown' first.
  Target requires 2 element(s) but source may have fewer.
src/app/api/generate/route.ts(1119,23): error TS2339: Property 'fillEmptySlots' does not exist on type '{ id: string; createdAt: Date; updatedAt: Date; schoolName: string; academicYear: string; seniorStartTime: string; seniorEndTime: string; juniorStartTime: string; juniorEndTime: string; totalPeriodsSenior: number; totalPeriodsJunior: number; workingDays: number; }'.
src/app/api/generate/route.ts(1133,26): error TS2339: Property 'studyPeriodTeacherPool' does not exist on type '{ id: string; createdAt: Date; updatedAt: Date; schoolName: string; academicYear: string; seniorStartTime: string; seniorEndTime: string; juniorStartTime: string; juniorEndTime: string; totalPeriodsSenior: number; totalPeriodsJunior: number; workingDays: number; }'.
src/app/api/generate/route.ts(1134,50): error TS2339: Property 'studyPeriodTeacherPool' does not exist on type '{ id: string; createdAt: Date; updatedAt: Date; schoolName: string; academicYear: string; seniorStartTime: string; seniorEndTime: string; juniorStartTime: string; juniorEndTime: string; totalPeriodsSenior: number; totalPeriodsJunior: number; workingDays: number; }'.
src/app/api/generate/route.ts(1184,56): error TS2339: Property 'allowDuplicateActivities' does not exist on type '{ id: string; createdAt: Date; updatedAt: Date; schoolName: string; academicYear: string; seniorStartTime: string; seniorEndTime: string; juniorStartTime: string; juniorEndTime: string; totalPeriodsSenior: number; totalPeriodsJunior: number; workingDays: number; }'.
src/app/api/settings/route.ts(10,11): error TS2353: Object literal may only specify known properties, and 'fillEmptySlots' does not exist in type '(Without<SchoolConfigCreateInput, SchoolConfigUncheckedCreateInput> & SchoolConfigUncheckedCreateInput) | (Without<...> & SchoolConfigCreateInput)'.
src/app/api/settings/route.ts(32,11): error TS2353: Object literal may only specify known properties, and 'fillEmptySlots' does not exist in type '(Without<SchoolConfigUpdateInput, SchoolConfigUncheckedUpdateInput> & SchoolConfigUncheckedUpdateInput) | (Without<...> & SchoolConfigUpdateInput)'.
src/app/api/settings/route.ts(32,59): error TS2339: Property 'fillEmptySlots' does not exist on type '{ id: string; createdAt: Date; updatedAt: Date; schoolName: string; academicYear: string; seniorStartTime: string; seniorEndTime: string; juniorStartTime: string; juniorEndTime: string; totalPeriodsSenior: number; totalPeriodsJunior: number; workingDays: number; }'.
src/app/api/settings/route.ts(33,79): error TS2339: Property 'allowDuplicateActivities' does not exist on type '{ id: string; createdAt: Date; updatedAt: Date; schoolName: string; academicYear: string; seniorStartTime: string; seniorEndTime: string; juniorStartTime: string; juniorEndTime: string; totalPeriodsSenior: number; totalPeriodsJunior: number; workingDays: number; }'.
src/app/api/settings/route.ts(34,75): error TS2339: Property 'studyPeriodTeacherPool' does not exist on type '{ id: string; createdAt: Date; updatedAt: Date; schoolName: string; academicYear: string; seniorStartTime: string; seniorEndTime: string; juniorStartTime: string; juniorEndTime: string; totalPeriodsSenior: number; totalPeriodsJunior: number; workingDays: number; }'.
src/app/api/settings/route.ts(40,11): error TS2353: Object literal may only specify known properties, and 'fillEmptySlots' does not exist in type '(Without<SchoolConfigCreateInput, SchoolConfigUncheckedCreateInput> & SchoolConfigUncheckedCreateInput) | (Without<...> & SchoolConfigCreateInput)'.
src/app/page.tsx(531,11): error TS2783: 'sectionId' is specified more than once, so this usage will be overwritten.
src/app/page.tsx(532,11): error TS2783: 'dayId' is specified more than once, so this usage will be overwritten.
src/app/page.tsx(533,11): error TS2783: 'timeSlotId' is specified more than once, so this usage will be overwritten.
src/lib/substitute.ts(56,33): error TS2322: Type 'null' is not assignable to type 'string | NestedStringFilter<"TeacherAbsence"> | undefined'.
